
> qalat-app@0.1.0 build
> next build

Γû▓ Next.js 16.2.9 (Turbopack)
- Environments: .env.local

  Creating an optimized production build ...
Γ£ô Compiled successfully in 3.2s
  Running TypeScript ...
  Finished TypeScript in 7.5s ...
  Collecting page data using 27 workers ...
  Generating static pages using 27 workers (0/90) ...
  Generating static pages using 27 workers (22/90) 
  Generating static pages using 27 workers (44/90) 
  Generating static pages using 27 workers (67/90) 
Γ£ô Generating static pages using 27 workers (90/90) in 308ms
  Finalizing page optimization ...

Route (app)
Γöî ╞Æ /
Γö£ Γùï /_not-found
Γö£ ╞Æ /admin/accounts
Γö£ ╞Æ /admin/activity
Γö£ ╞Æ /admin/branches
Γö£ ╞Æ /admin/closed-cases
Γö£ ╞Æ /admin/dashboard
Γö£ ╞Æ /admin/dashboard/awaiting-assignment
Γö£ ╞Æ /admin/dashboard/noncompliance
Γö£ ╞Æ /admin/dashboard/payment-in-progress
Γö£ ╞Æ /admin/dashboard/stages/[id]
Γö£ ╞Æ /admin/debtors
Γö£ ╞Æ /admin/debtors/[id]/account
Γö£ ╞Æ /admin/debtors/[id]/edit
Γö£ ╞Æ /admin/debtors/[id]/profile
Γö£ ╞Æ /admin/debtors/new
Γö£ ╞Æ /admin/delegates
Γö£ ╞Æ /admin/delegates/[id]/edit
Γö£ ╞Æ /admin/delegates/new
Γö£ ╞Æ /admin/delegates/report
Γö£ ╞Æ /admin/delegates/wallets
Γö£ ╞Æ /admin/expenses
Γö£ ╞Æ /admin/finance
Γö£ ╞Æ /admin/lawyers
Γö£ ╞Æ /admin/lawyers/[id]/edit
Γö£ ╞Æ /admin/lawyers/new
Γö£ ╞Æ /admin/legal-manager-wallet
Γö£ ╞Æ /admin/payment-follow-up
Γö£ ╞Æ /admin/payments
Γö£ ╞Æ /admin/reports
Γö£ ╞Æ /admin/settings
Γö£ ╞Æ /admin/settings/task-definitions
Γö£ ╞Æ /admin/settings/task-fees
Γö£ ╞Æ /admin/task-files
Γö£ ╞Æ /admin/tasks
Γö£ ╞Æ /admin/tasks/[id]/edit
Γö£ ╞Æ /admin/tasks/new
Γö£ ╞Æ /admin/tasks/review
Γö£ ╞Æ /api/admin/approve-task
Γö£ ╞Æ /api/admin/assign-tasks
Γö£ ╞Æ /api/admin/auto-accept-assignments
Γö£ ╞Æ /api/admin/branch-settings
Γö£ ╞Æ /api/admin/change-debtor-task
Γö£ ╞Æ /api/admin/debtor-file-url
Γö£ ╞Æ /api/admin/debtors
Γö£ ╞Æ /api/admin/debtors/[id]
Γö£ ╞Æ /api/admin/debtors/[id]/criminal-file
Γö£ ╞Æ /api/admin/debtors/assignment-note
Γö£ ╞Æ /api/admin/debtors/import
Γö£ ╞Æ /api/admin/debtors/import-criminal
Γö£ ╞Æ /api/admin/debtors/receipts
Γö£ ╞Æ /api/admin/debtors/to-payment-in-progress
Γö£ ╞Æ /api/admin/delegate-notified
Γö£ ╞Æ /api/admin/delegate-withdraw
Γö£ ╞Æ /api/admin/delegates
Γö£ ╞Æ /api/admin/delete-debtor-file
Γö£ ╞Æ /api/admin/delete-lawyer-file
Γö£ ╞Æ /api/admin/delete-task-file
Γö£ ╞Æ /api/admin/delete-user
Γö£ ╞Æ /api/admin/finance-requests
Γö£ ╞Æ /api/admin/lawyer-file-url
Γö£ ╞Æ /api/admin/lawyer-wallet
Γö£ ╞Æ /api/admin/lawyers
Γö£ ╞Æ /api/admin/legal-manager-payout-request
Γö£ ╞Æ /api/admin/legal-manager-wallet-manual
Γö£ ╞Æ /api/admin/merge-branch-lists
Γö£ ╞Æ /api/admin/notification-counts
Γö£ ╞Æ /api/admin/payment-noncompliance
Γö£ ╞Æ /api/admin/payment-noncompliance/approve
Γö£ ╞Æ /api/admin/payment-noncompliance/reject
Γö£ ╞Æ /api/admin/payments
Γö£ ╞Æ /api/admin/payments/[id]
Γö£ ╞Æ /api/admin/payout-request
Γö£ ╞Æ /api/admin/reject-task
Γö£ ╞Æ /api/admin/release-task-fee
Γö£ ╞Æ /api/admin/set-branch
Γö£ ╞Æ /api/admin/set-branch-list
Γö£ ╞Æ /api/admin/task-file-url
Γö£ ╞Æ /api/admin/task-transition
Γö£ ╞Æ /api/admin/toggle-user-active
Γö£ ╞Æ /api/admin/unassign-tasks
Γö£ ╞Æ /api/admin/upload-debtor-file
Γö£ ╞Æ /api/admin/upload-lawyer-file
Γö£ ╞Æ /api/auth/login
Γö£ ╞Æ /api/delegate/wallet
Γö£ ╞Æ /api/lawyer/payout-request
Γö£ ╞Æ /api/lawyer/task-assignment
Γö£ ╞Æ /api/lawyer/task-expenses
Γö£ ╞Æ /api/lawyer/wallet
Γö£ ╞Æ /api/worker/upload-task-file
Γö£ ╞Æ /delegate
Γö£ ╞Æ /delegate/profile
Γö£ ╞Æ /delegate/tasks
Γö£ ╞Æ /delegate/tasks/[id]
Γö£ ╞Æ /lawyer
Γö£ ╞Æ /lawyer/account
Γö£ ╞Æ /lawyer/profile
Γö£ ╞Æ /lawyer/tasks
Γö£ ╞Æ /lawyer/tasks/[id]
Γöö Γùï /login


╞Æ Proxy (Middleware)

Γùï  (Static)   prerendered as static content
╞Æ  (Dynamic)  server-rendered on demand

